mktextfm NanumGothicCoding
mktextfm NanumGothicCoding
mktextfm NanumGothicCoding
mktextfm NanumGothicCoding/BI
mktextfm NanumGothicCoding
mktextfm NanumGothicCoding/B
mktextfm NanumGothicCoding
mktextfm NanumGothicCoding/I
mktextfm NanumGothicCoding
mktextfm NanumGothicCoding
mktextfm NanumGothicCoding
mktextfm NanumMyeongjo
mktextfm NanumMyeongjo
mktextfm NanumMyeongjo
mktextfm NanumMyeongjo/BI
mktextfm NanumMyeongjo
mktextfm NanumMyeongjo/B
mktextfm NanumMyeongjo
mktextfm NanumMyeongjo/I
mktextfm NanumMyeongjo
mktextfm NanumMyeongjo
mktextfm NanumGothic
mktextfm NanumGothic
mktextfm NanumGothic
mktextfm NanumGothic/BI
mktextfm NanumGothic
mktextfm NanumGothic/B
mktextfm NanumGothic
mktextfm NanumGothic/I
mktextfm NanumGothic
mktextfm NanumGothic
mktextfm NanumGothic
mktextfm NanumGothic
mktextfm NanumGothic
mktextfm NanumGothic
mktextfm NanumGothic/BI
mktextfm NanumGothic
mktextfm NanumGothic/B
mktextfm NanumGothic
mktextfm NanumGothic/I
mktextfm NanumGothic
mktextfm NanumGothic
mktextfm NanumGothic
mktextfm NanumGothic
mktextfm NanumGothic
mktextfm NanumGothic
mktextfm NanumGothic
mktextfm NanumGothic
mktextfm NanumGothic
mktextfm NanumGothic
mktextfm NanumGothic
mktextfm NanumGothic
mktextfm NanumGothic
mktextfm NanumGothic
mktextfm NanumGothic
mktextfm NanumGothic
mktextfm NanumGothic
mktextfm NanumGothic
mktextfm NanumGothic
mktextfm NanumGothic
mktextfm NanumGothic
mktextfm NanumGothic
mktextfm NanumGothic
mktextfm NanumGothic
mktextfm NanumMyeongjo
mktextfm NanumMyeongjo
mktextfm NanumMyeongjo
mktextfm NanumMyeongjo/BI
mktextfm NanumMyeongjo
mktextfm NanumMyeongjo/B
mktextfm NanumMyeongjo
mktextfm NanumMyeongjo/I
mktextfm NanumMyeongjo
mktextfm NanumMyeongjo
mktextfm NanumGothic
mktextfm NanumGothic
mktextfm NanumGothic
mktextfm NanumGothic/BI
mktextfm NanumGothic
mktextfm NanumGothic/B
mktextfm NanumGothic
mktextfm NanumGothic/I
mktextfm NanumGothic
mktextfm NanumGothic
mktextfm NanumGothic
mktextfm NanumGothic
mktextfm NanumGothic
mktextfm NanumGothic
mktextfm NanumGothic/BI
mktextfm NanumGothic
mktextfm NanumGothic/B
mktextfm NanumGothic
mktextfm NanumGothic/I
mktextfm NanumGothic
mktextfm NanumGothic
mktextfm NanumGothic
mktextfm NanumGothic
mktextfm NanumGothic
mktextfm NanumGothic
mktextfm NanumGothic
mktextfm NanumGothic
mktextfm NanumGothic
mktextfm NanumGothic
mktextfm NanumGothic
mktextfm NanumGothic
mktextfm NanumGothic
mktextfm NanumGothic
mktextfm NanumGothic
mktextfm NanumGothic
mktextfm NanumGothic
mktextfm NanumGothic
mktextfm NanumGothic
mktextfm NanumGothic
mktextfm NanumGothic
mktextfm NanumGothic
mktextfm NanumGothic
mktextfm NanumGothic
